Microchip MPLAB XC8 Compiler V2.46

Linker command line:

-W-3 \
  --edf=C:\Program Files\Microchip\xc8\v2.46\pic\dat\20240104201356_en.msgs \
  -cn -h+dist/default/production\code.production.sym \
  --cmf=dist/default/production\code.production.cmf -z -Q18F4620 \
  -oC:\Users\ah427\AppData\Local\Temp\xcAscuo.\driver_tmp_3.o \
  --defsym=__MPLAB_BUILD=1 --fixupoverflow=error \
  -Mdist/default/production/code.production.map \
  --md=C:\Users\ah427\AppData\Local\Temp\xcAscuo.\driver_tmp_0.dat -E1 \
  -ver=XC8 Compiler --acfsm=1493 -ACODE=00h-0FFFFh -ACONST=00h-0FFFFh \
  -ASMALLCONST=01000h-010FFhx240 -AMEDIUMCONST=01000h-0FFFFh \
  -ACOMRAM=01h-07Fh -AABS1=00h-0F7Fh -ABIGRAM=01h-0F7Fh \
  -ARAM=080h-0FFh,0100h-01FFhx14,0F00h-0F7Fh -ABANK0=080h-0FFh \
  -ABANK1=0100h-01FFh -ABANK2=0200h-02FFh -ABANK3=0300h-03FFh \
  -ABANK4=0400h-04FFh -ABANK5=0500h-05FFh -ABANK6=0600h-06FFh \
  -ABANK7=0700h-07FFh -ABANK8=0800h-08FFh -ABANK9=0900h-09FFh \
  -ABANK10=0A00h-0AFFh -ABANK11=0B00h-0BFFh -ABANK12=0C00h-0CFFh \
  -ABANK13=0D00h-0DFFh -ABANK14=0E00h-0EFFh -ABANK15=0F00h-0F7Fh \
  -ASFR=0F80h-0FFFh -ABIGSFR=0F80h-0FFFh -ACONFIG=0300000h-030000Dh \
  -AIDLOC=0200000h-0200007h -AEEDATA=0F00000h-0F003FFh -peeprom_data=EEDATA \
  -preset_vec=00h,intcode,sivt_hi,intcodelo,sivt_lo,powerup,init \
  -pramtop=01000h -psmallconst=SMALLCONST -pmediumconst=MEDIUMCONST \
  -pconst=CONST -AFARRAM=00h-00h \
  -prdata=COMRAM,nvrram=COMRAM,nvbit=COMRAM,rbss=COMRAM,rbit=COMRAM \
  -pfarbss=FARRAM,fardata=FARRAM,nvFARRAM=FARRAM \
  -pintsave_regs=BIGRAM,bigbss=BIGRAM,bigdata=BIGRAM -pbss=RAM \
  -pidata=CODE,irdata=CODE,ibigdata=CODE,ifardata=CODE -prparam=COMRAM \
  C:\Users\ah427\AppData\Local\Temp\xcAscuo.\driver_tmp_9.o \
  dist/default/production\code.production.o 

Object code version is 3.11

Machine type is 18F4620



                Name                               Link     Load   Length Selector   Space Scale
C:\Users\ah427\AppData\Local\Temp\xcAscuo.\driver_tmp_9.o
                init                                  0        0        4        0       0
dist/default/production\code.production.o
                smallconst                         1000     1000       12      800       0
                text19                             1852     1852       62      809       0
                text18                             1278     1278      124      809       0
                text17                             1930     1930       32      809       0
                text16                             18FE     18FE       32      809       0
                text15                             149E     149E       B8      809       0
                text14                             1556     1556       A8      809       0
                text13                             1152     1152      126      809       0
                text12                             1686     1686       7A      809       0
                text11                             1990     1990       2E      809       0
                text10                             1A14     1A14       1E      809       0
                text9                              19EA     19EA       2A      809       0
                text8                              1774     1774       74      809       0
                text7                              139C     139C      102      809       0
                text6                              1A32     1A32       1A      809       0
                text5                              1A4C     1A4C        6      809       0
                text4                              1700     1700       74      809       0
                text3                              17E8     17E8       6A      809       0
                text2                              15FE     15FE       88      809       0
                text1                              18B4     18B4       4A      809       0
                text0                              1012     1012      140      809       0
                cstackCOMRAM                         2D       2D       1A        1       1
                dataCOMRAM                            1        1       2C        1       1
                bssCOMRAM                            47       47        4        1       1
                cinit                              1962     1962       2E      809       0
                idataCOMRAM                        19BE     19BE       2C      809       0

TOTAL           Name                               Link     Load   Length     Space
        CLASS   CODE           
                init                                  0        0        4         0
                text19                             1852     1852       62         0
                text18                             1278     1278      124         0
                text17                             1930     1930       32         0
                text16                             18FE     18FE       32         0
                text15                             149E     149E       B8         0
                text14                             1556     1556       A8         0
                text13                             1152     1152      126         0
                text12                             1686     1686       7A         0
                text11                             1990     1990       2E         0
                text10                             1A14     1A14       1E         0
                text9                              19EA     19EA       2A         0
                text8                              1774     1774       74         0
                text7                              139C     139C      102         0
                text6                              1A32     1A32       1A         0
                text5                              1A4C     1A4C        6         0
                text4                              1700     1700       74         0
                text3                              17E8     17E8       6A         0
                text2                              15FE     15FE       88         0
                text1                              18B4     18B4       4A         0
                text0                              1012     1012      140         0
                cinit                              1962     1962       2E         0
                idataCOMRAM                        19BE     19BE       2C         0

        CLASS   CONST          

        CLASS   SMALLCONST     
                smallconst                         1000     1000       12         0

        CLASS   MEDIUMCONST    

        CLASS   COMRAM         
                cstackCOMRAM                         2D       2D       1A         1
                dataCOMRAM                            1        1       2C         1
                bssCOMRAM                            47       47        4         1

        CLASS   ABS1           

        CLASS   BIGRAM         

        CLASS   RAM            

        CLASS   BANK0          

        CLASS   BANK1          

        CLASS   BANK2          

        CLASS   BANK3          

        CLASS   BANK4          

        CLASS   BANK5          

        CLASS   BANK6          

        CLASS   BANK7          

        CLASS   BANK8          

        CLASS   BANK9          

        CLASS   BANK10         

        CLASS   BANK11         

        CLASS   BANK12         

        CLASS   BANK13         

        CLASS   BANK14         

        CLASS   BANK15         

        CLASS   SFR            

        CLASS   BIGSFR         

        CLASS   CONFIG         

        CLASS   IDLOC          

        CLASS   EEDATA         

        CLASS   FARRAM         

        CLASS   HEAP           

        CLASS   STACK          



SEGMENTS        Name                           Load    Length   Top    Selector   Space  Class

                reset_vec                      000000  000004  000004         0       0  CODE    
                dataCOMRAM                     000001  00004A  00004B         1       1  COMRAM  
                smallconst                     001000  000012  001012       800       0  SMALLCON
                text0                          001012  000A40  001A52       809       0  CODE    


UNUSED ADDRESS RANGES

        Name                Unused          Largest block    Delta
        BANK0            0080-00FF             80
        BANK1            0100-01FF            100
        BANK10           0A00-0AFF            100
        BANK11           0B00-0BFF            100
        BANK12           0C00-0CFF            100
        BANK13           0D00-0DFF            100
        BANK14           0E00-0EFF            100
        BANK15           0F00-0F7F             80
        BANK2            0200-02FF            100
        BANK3            0300-03FF            100
        BANK4            0400-04FF            100
        BANK5            0500-05FF            100
        BANK6            0600-06FF            100
        BANK7            0700-07FF            100
        BANK8            0800-08FF            100
        BANK9            0900-09FF            100
        BIGRAM           004B-0F7F            F35
        BIGSFR           0F80-0FFF             80
        CODE             0004-0FFF            FFC
                         1A52-FFFF           E5AE
        COMRAM           004B-007F             35
        CONFIG           300000-30000D              E
        CONST            0004-0FFF            FFC
                         1A52-FFFF           E5AE
        EEDATA           F00000-F003FF            400
        IDLOC            200000-200007              8
        MEDIUMCONST      1A52-FFFF           E5AE
        RAM              0080-0F7F            100
        SFR              0F80-0FFF             80
        SMALLCONST       1A52-FFFF            100

                                  Symbol Table

Relay_Config@_relay                       cstackCOMRAM 002E
Relay_Config@pin_config                   cstackCOMRAM 002D
Relay_Turn_Off@_relay                     cstackCOMRAM 0034
Relay_Turn_Off@pin_config                 cstackCOMRAM 0035
Relay_Turn_On@_relay                      cstackCOMRAM 0034
Relay_Turn_On@pin_config                  cstackCOMRAM 0035
Relay_initialize@_relay                   cstackCOMRAM 0037
Relay_initialize@pin_config               cstackCOMRAM 0038
_LATA                                     (abs)        0F89
_LATB                                     (abs)        0F8A
_LATC                                     (abs)        0F8B
_LATD                                     (abs)        0F8C
_LATE                                     (abs)        0F8D
_PORTA                                    (abs)        0F80
_PORTB                                    (abs)        0F81
_PORTC                                    (abs)        0F82
_PORTD                                    (abs)        0F83
_PORTE                                    (abs)        0F84
_Relay_Config                             text19       1852
_Relay_Turn_Off                           text17       1930
_Relay_Turn_On                            text16       18FE
_Relay_initialize                         text11       1990
_TRISA                                    (abs)        0F92
_TRISB                                    (abs)        0F93
_TRISC                                    (abs)        0F94
_TRISD                                    (abs)        0F95
_TRISE                                    (abs)        0F96
__HRAM                                    (abs)        0000
__H__absolute__                           __absolute__ 0000
__Habs1                                   abs1         0000
__Hbank0                                  bank0        0000
__Hbank1                                  bank1        0000
__Hbank10                                 bank10       0000
__Hbank11                                 bank11       0000
__Hbank12                                 bank12       0000
__Hbank13                                 bank13       0000
__Hbank14                                 bank14       0000
__Hbank15                                 bank15       0000
__Hbank2                                  bank2        0000
__Hbank3                                  bank3        0000
__Hbank4                                  bank4        0000
__Hbank5                                  bank5        0000
__Hbank6                                  bank6        0000
__Hbank7                                  bank7        0000
__Hbank8                                  bank8        0000
__Hbank9                                  bank9        0000
__Hbigbss                                 bigbss       0000
__Hbigdata                                bigdata      0000
__Hbigram                                 bigram       0000
__Hbigsfr                                 bigsfr       0000
__Hbss                                    bss          0000
__HbssCOMRAM                              bssCOMRAM    0000
__Hcinit                                  cinit        0000
__Hclrtext                                clrtext      0000
__Hcomram                                 comram       0000
__Hconfig                                 config       0000
__Hconst                                  const        0000
__HcstackCOMRAM                           cstackCOMRAM 0000
__Hdata                                   data         0000
__HdataCOMRAM                             dataCOMRAM   0000
__Heeprom_data                            eeprom_data  0000
__Hfarbss                                 farbss       0000
__Hfardata                                fardata      0000
__Hheap                                   heap         0000
__Hibigdata                               ibigdata     0000
__Hidata                                  idata        0000
__HidataCOMRAM                            idataCOMRAM  0000
__Hidloc                                  idloc        0000
__Hifardata                               ifardata     0000
__Hinit                                   init         0004
__Hintcode                                intcode      0000
__Hintcode_body                           intcode_body 0000
__Hintcodelo                              intcodelo    0000
__Hintentry                               intentry     0000
__Hintret                                 intret       0000
__Hintsave_regs                           intsave_regs 0000
__Hirdata                                 irdata       0000
__Hmediumconst                            mediumconst  0000
__HnvFARRAM                               nvFARRAM     0000
__Hnvbit                                  nvbit        0000
__Hnvrram                                 nvrram       0000
__Hparam                                  rparam       0000
__Hpowerup                                powerup      0000
__Hram                                    ram          0000
__Hramtop                                 ramtop       1000
__Hrbit                                   rbit         0000
__Hrbss                                   rbss         0000
__Hrdata                                  rdata        0000
__Hreset_vec                              reset_vec    0000
__Hrparam                                 rparam       0000
__Hsfr                                    sfr          0000
__Hsivt_hi                                sivt_hi      0000
__Hsivt_lo                                sivt_lo      0000
__Hsmallconst                             smallconst   1012
__Hspace_0                                (abs)        1A52
__Hspace_1                                (abs)        004B
__Hspace_2                                (abs)        0000
__Hspace_4                                (abs)        0000
__Hstack                                  stack        0000
__Hstruct                                 struct       0000
__Htemp                                   temp         0000
__Htext                                   text         0000
__Htext0                                  text0        0000
__Htext1                                  text1        0000
__Htext10                                 text10       0000
__Htext11                                 text11       0000
__Htext12                                 text12       0000
__Htext13                                 text13       0000
__Htext14                                 text14       0000
__Htext15                                 text15       0000
__Htext16                                 text16       0000
__Htext17                                 text17       0000
__Htext18                                 text18       0000
__Htext19                                 text19       0000
__Htext2                                  text2        0000
__Htext3                                  text3        0000
__Htext4                                  text4        0000
__Htext5                                  text5        0000
__Htext6                                  text6        0000
__Htext7                                  text7        0000
__Htext8                                  text8        0000
__Htext9                                  text9        0000
__LRAM                                    (abs)        0001
__L__absolute__                           __absolute__ 0000
__Labs1                                   abs1         0000
__Lbank0                                  bank0        0000
__Lbank1                                  bank1        0000
__Lbank10                                 bank10       0000
__Lbank11                                 bank11       0000
__Lbank12                                 bank12       0000
__Lbank13                                 bank13       0000
__Lbank14                                 bank14       0000
__Lbank15                                 bank15       0000
__Lbank2                                  bank2        0000
__Lbank3                                  bank3        0000
__Lbank4                                  bank4        0000
__Lbank5                                  bank5        0000
__Lbank6                                  bank6        0000
__Lbank7                                  bank7        0000
__Lbank8                                  bank8        0000
__Lbank9                                  bank9        0000
__Lbigbss                                 bigbss       0000
__Lbigdata                                bigdata      0000
__Lbigram                                 bigram       0000
__Lbigsfr                                 bigsfr       0000
__Lbss                                    bss          0000
__LbssCOMRAM                              bssCOMRAM    0000
__Lcinit                                  cinit        0000
__Lclrtext                                clrtext      0000
__Lcomram                                 comram       0000
__Lconfig                                 config       0000
__Lconst                                  const        0000
__LcstackCOMRAM                           cstackCOMRAM 0000
__Ldata                                   data         0000
__LdataCOMRAM                             dataCOMRAM   0000
__Leeprom_data                            eeprom_data  0000
__Lfarbss                                 farbss       0000
__Lfardata                                fardata      0000
__Lheap                                   heap         0000
__Libigdata                               ibigdata     0000
__Lidata                                  idata        0000
__LidataCOMRAM                            idataCOMRAM  0000
__Lidloc                                  idloc        0000
__Lifardata                               ifardata     0000
__Linit                                   init         0000
__Lintcode                                intcode      0000
__Lintcode_body                           intcode_body 0000
__Lintcodelo                              intcodelo    0000
__Lintentry                               intentry     0000
__Lintret                                 intret       0000
__Lintsave_regs                           intsave_regs 0000
__Lirdata                                 irdata       0000
__Lmediumconst                            mediumconst  0000
__LnvFARRAM                               nvFARRAM     0000
__Lnvbit                                  nvbit        0000
__Lnvrram                                 nvrram       0000
__Lparam                                  rparam       0000
__Lpowerup                                powerup      0000
__Lram                                    ram          0000
__Lramtop                                 ramtop       1000
__Lrbit                                   rbit         0000
__Lrbss                                   rbss         0000
__Lrdata                                  rdata        0000
__Lreset_vec                              reset_vec    0000
__Lrparam                                 rparam       0000
__Lsfr                                    sfr          0000
__Lsivt_hi                                sivt_hi      0000
__Lsivt_lo                                sivt_lo      0000
__Lsmallconst                             smallconst   1000
__Lspace_0                                (abs)        0000
__Lspace_1                                (abs)        0000
__Lspace_2                                (abs)        0000
__Lspace_4                                (abs)        0000
__Lstack                                  stack        0000
__Lstruct                                 struct       0000
__Ltemp                                   temp         0000
__Ltext                                   text         0000
__Ltext0                                  text0        0000
__Ltext1                                  text1        0000
__Ltext10                                 text10       0000
__Ltext11                                 text11       0000
__Ltext12                                 text12       0000
__Ltext13                                 text13       0000
__Ltext14                                 text14       0000
__Ltext15                                 text15       0000
__Ltext16                                 text16       0000
__Ltext17                                 text17       0000
__Ltext18                                 text18       0000
__Ltext19                                 text19       0000
__Ltext2                                  text2        0000
__Ltext3                                  text3        0000
__Ltext4                                  text4        0000
__Ltext5                                  text5        0000
__Ltext6                                  text6        0000
__Ltext7                                  text7        0000
__Ltext8                                  text8        0000
__Ltext9                                  text9        0000
__S0                                      (abs)        1A52
__S1                                      (abs)        004B
__S4                                      (abs)        0000
__S5                                      (abs)        0000
___heap_hi                                (abs)        0000
___heap_lo                                (abs)        0000
___inthi_sp                               stack        0000
___inthi_stack_hi                         stack        0000
___inthi_stack_lo                         stack        0000
___intlo_sp                               stack        0000
___intlo_stack_hi                         stack        0000
___intlo_stack_lo                         stack        0000
___param_bank                             (abs)        0000
___rparam_used                            (abs)        0001
___sp                                     stack        0000
___stack_hi                               stack        0000
___stack_lo                               stack        0000
__accesstop                               (abs)        0080
__activetblptr                            (abs)        0003
__end_of_Relay_Config                     text19       18B4
__end_of_Relay_Turn_Off                   text17       1962
__end_of_Relay_Turn_On                    text16       1930
__end_of_Relay_initialize                 text11       19BE
__end_of__initialization                  cinit        198A
__end_of_button_initialize                text10       1A32
__end_of_button_read_status               text14       15FE
__end_of_ecu_initialization               text6        1A4C
__end_of_gpio_pin_direction_initialize    text13       1278
__end_of_gpio_pin_initialize              text12       1700
__end_of_gpio_pin_read_logic              text15       1556
__end_of_gpio_pin_write_logic             text18       139C
__end_of_initialization                   text5        1A52
__end_of_lcd_8bit_enable_signal           text9        1A14
__end_of_lcd_8bit_initialize              text7        149E
__end_of_lcd_8bit_send_char               text4        1774
__end_of_lcd_8bit_send_command            text8        17E8
__end_of_lcd_8bit_send_string             text3        1852
__end_of_lcd_8bit_send_string_pos         text1        18FE
__end_of_lcd_8bit_set_cursor              text2        1686
__end_of_main                             text0        1152
__initialization                          cinit        1962
__mediumconst                             mediumconst  0000
__pbssCOMRAM                              bssCOMRAM    0047
__pcinit                                  cinit        1962
__pcstackCOMRAM                           cstackCOMRAM 002D
__pdataCOMRAM                             dataCOMRAM   0001
__pidataCOMRAM                            idataCOMRAM  19BE
__psmallconst                             smallconst   1000
__ptext0                                  text0        1012
__ptext1                                  text1        18B4
__ptext10                                 text10       1A14
__ptext11                                 text11       1990
__ptext12                                 text12       1686
__ptext13                                 text13       1152
__ptext14                                 text14       1556
__ptext15                                 text15       149E
__ptext16                                 text16       18FE
__ptext17                                 text17       1930
__ptext18                                 text18       1278
__ptext19                                 text19       1852
__ptext2                                  text2        15FE
__ptext3                                  text3        17E8
__ptext4                                  text4        1700
__ptext5                                  text5        1A4C
__ptext6                                  text6        1A32
__ptext7                                  text7        139C
__ptext8                                  text8        1774
__ptext9                                  text9        19EA
__ramtop                                  ramtop       1000
__smallconst                              smallconst   1000
_btn                                      dataCOMRAM   0029
_btn_last_status                          bssCOMRAM    004A
_btn_valid_status                         bssCOMRAM    0049
_button_initialize                        text10       1A14
_button_read_status                       text14       1556
_counter_debouncing                       bssCOMRAM    0047
_ecu_initialization                       text6        1A32
_flag                                     bssCOMRAM    0048
_gpio_pin_direction_initialize            text13       1152
_gpio_pin_initialize                      text12       1686
_gpio_pin_read_logic                      text15       149E
_gpio_pin_write_logic                     text18       1278
_initialization                           text5        1A4C
_lat_registers                            dataCOMRAM   0001
_lcd_8bit                                 dataCOMRAM   001F
_lcd_8bit_enable_signal                   text9        19EA
_lcd_8bit_initialize                      text7        139C
_lcd_8bit_send_char                       text4        1700
_lcd_8bit_send_command                    text8        1774
_lcd_8bit_send_string                     text3        17E8
_lcd_8bit_send_string_pos                 text1        18B4
_lcd_8bit_set_cursor                      text2        15FE
_main                                     text0        1012
_port_registers                           dataCOMRAM   000B
_relay                                    dataCOMRAM   002C
_tris_registers                           dataCOMRAM   0015
button_initialize@btn                     cstackCOMRAM 0033
button_read_status@btn                    cstackCOMRAM 0033
button_read_status@btn_status             cstackCOMRAM 0034
button_read_status@pin_login_status       cstackCOMRAM 0036
end_of_initialization                     cinit        198A
gpio_pin_direction_initialize@_pin_config cstackCOMRAM 002D
gpio_pin_initialize@_pin_config           cstackCOMRAM 0034
gpio_pin_initialize@ret                   cstackCOMRAM 0036
gpio_pin_read_logic@_pin_config           cstackCOMRAM 002D
gpio_pin_read_logic@logic                 cstackCOMRAM 002E
gpio_pin_write_logic@_pin_config          cstackCOMRAM 002D
gpio_pin_write_logic@logic                cstackCOMRAM 002E
intlevel0                                 text         0000
intlevel1                                 text         0000
intlevel2                                 text         0000
intlevel3                                 text         0000
isa$std                                   (abs)        0001
isa$xinst                                 (abs)        0000
lcd_8bit_enable_signal@_lcd               cstackCOMRAM 0034
lcd_8bit_enable_signal@ret                cstackCOMRAM 0035
lcd_8bit_initialize@_lcd                  cstackCOMRAM 003C
lcd_8bit_initialize@count                 cstackCOMRAM 003F
lcd_8bit_initialize@ret                   cstackCOMRAM 0040
lcd_8bit_send_char@_lcd                   cstackCOMRAM 0036
lcd_8bit_send_char@count                  cstackCOMRAM 003B
lcd_8bit_send_char@data                   cstackCOMRAM 0037
lcd_8bit_send_char@ret                    cstackCOMRAM 003A
lcd_8bit_send_command@_lcd                cstackCOMRAM 0036
lcd_8bit_send_command@command             cstackCOMRAM 0037
lcd_8bit_send_command@count               cstackCOMRAM 003B
lcd_8bit_send_command@ret                 cstackCOMRAM 003A
lcd_8bit_send_string@_lcd                 cstackCOMRAM 003C
lcd_8bit_send_string@ret                  cstackCOMRAM 003E
lcd_8bit_send_string@str                  cstackCOMRAM 003D
lcd_8bit_send_string_pos@_lcd             cstackCOMRAM 0040
lcd_8bit_send_string_pos@column           cstackCOMRAM 0043
lcd_8bit_send_string_pos@ret              cstackCOMRAM 0044
lcd_8bit_send_string_pos@row              cstackCOMRAM 0042
lcd_8bit_send_string_pos@str              cstackCOMRAM 0041
lcd_8bit_set_cursor@_lcd                  cstackCOMRAM 003C
lcd_8bit_set_cursor@column                cstackCOMRAM 003E
lcd_8bit_set_cursor@ret                   cstackCOMRAM 003F
lcd_8bit_set_cursor@row                   cstackCOMRAM 003D
stackhi                                   (abs)        0000
stacklo                                   (abs)        0000
start                                     init         0000
start_initialization                      cinit        1962


MODULE INFORMATION

Module		Function		Class		Link	Load	Size
ECU/ecu_initialize.c
		_ecu_initialization		CODE           	1A32	0000	26

ECU/ecu_initialize.c estimated size: 26

ECU/LCD/ecu_lcd.c
		_lcd_8bit_set_cursor		CODE           	15FE	0000	136
		_lcd_8bit_initialize		CODE           	139C	0000	258
		_lcd_8bit_send_string		CODE           	17E8	0000	106
		_lcd_8bit_enable_signal		CODE           	19EA	0000	42
		_lcd_8bit_send_command		CODE           	1774	0000	116
		_lcd_8bit_send_string_pos		CODE           	18B4	0000	74
		_lcd_8bit_send_char		CODE           	1700	0000	116

ECU/LCD/ecu_lcd.c estimated size: 848

project.c
		_initialization		CODE           	1A4C	0000	6
		_main          		CODE           	1012	0000	320

project.c estimated size: 326

MCAL/GPIO/hal_gpio.c
		_gpio_pin_write_logic		CODE           	1278	0000	292
		_gpio_pin_read_logic		CODE           	149E	0000	184
		_gpio_pin_direction_initialize		CODE           	1152	0000	294
		_gpio_pin_initialize		CODE           	1686	0000	122

MCAL/GPIO/hal_gpio.c estimated size: 892

ECU/BUTTON/ecu_button.c
		_button_initialize		CODE           	1A14	0000	30
		_button_read_status		CODE           	1556	0000	168

ECU/BUTTON/ecu_button.c estimated size: 198

shared
		__initialization		CODE           	1962	0000	40

shared estimated size: 40

ECU/Relay/ecu_relay.c
		_Relay_Turn_On 		CODE           	18FE	0000	50
		_Relay_Turn_Off		CODE           	1930	0000	50
		_Relay_Config  		CODE           	1852	0000	98
		_Relay_initialize		CODE           	1990	0000	46

ECU/Relay/ecu_relay.c estimated size: 244

